[demo.dashboardpack.com/finance-html/index.html]
[backblue.gif]
[fade.gif]
[index.html]
[demo.dashboardpack.com/finance-html/img/logo.png]
[demo.dashboardpack.com/finance-html/css/bootstrap1.min.css]
[demo.dashboardpack.com/finance-html/vendors/themefy_icon/themify-icons.css]
[demo.dashboardpack.com/finance-html/vendors/swiper_slider/css/swiper.min.css]
[demo.dashboardpack.com/finance-html/vendors/select2/css/select2.min.css]
[demo.dashboardpack.com/finance-html/vendors/niceselect/css/nice-select.css]
[demo.dashboardpack.com/finance-html/vendors/owl_carousel/css/owl.carousel.css]
[demo.dashboardpack.com/finance-html/vendors/gijgo/gijgo.min.css]
[demo.dashboardpack.com/finance-html/vendors/font_awesome/css/all.min.css]
[demo.dashboardpack.com/finance-html/vendors/tagsinput/tagsinput.css]
[demo.dashboardpack.com/finance-html/vendors/datatable/css/jquery.dataTables.min.css]
[demo.dashboardpack.com/finance-html/vendors/datatable/css/responsive.dataTables.min.css]
[demo.dashboardpack.com/finance-html/vendors/datatable/css/buttons.dataTables.min.css]
[demo.dashboardpack.com/finance-html/vendors/text_editor/summernote-bs4.css]
[demo.dashboardpack.com/finance-html/vendors/morris/morris.css]
[demo.dashboardpack.com/finance-html/css/metisMenu.css]
[demo.dashboardpack.com/finance-html/css/style1.css]
[demo.dashboardpack.com/finance-html/vendors/material_icon/material-icons.css]
[demo.dashboardpack.com/finance-html/img/menu-icon/1.svg]
[demo.dashboardpack.com/finance-html/index_2.html]
[demo.dashboardpack.com/finance-html/img/menu-icon/2.svg]
[demo.dashboardpack.com/finance-html/login.html]
[demo.dashboardpack.com/finance-html/resister.html]
[demo.dashboardpack.com/finance-html/forgot_pass.html]
[demo.dashboardpack.com/finance-html/img/menu-icon/3.svg]
[demo.dashboardpack.com/finance-html/mail_box.html]
[demo.dashboardpack.com/finance-html/chat.html]
[demo.dashboardpack.com/finance-html/faq.html]
[demo.dashboardpack.com/finance-html/img/menu-icon/4.svg]
[demo.dashboardpack.com/finance-html/buttons.html]
[demo.dashboardpack.com/finance-html/dropdown.html]
[demo.dashboardpack.com/finance-html/Badges.html]
[demo.dashboardpack.com/finance-html/Loading_Indicators.html]
[demo.dashboardpack.com/finance-html/notification.html]
[demo.dashboardpack.com/finance-html/progress.html]
[demo.dashboardpack.com/finance-html/carousel.html]
[demo.dashboardpack.com/finance-html/cards.html]
[demo.dashboardpack.com/finance-html/Pagination.html]
[demo.dashboardpack.com/finance-html/img/menu-icon/5.svg]
[demo.dashboardpack.com/finance-html/chart_box_1.html]
[demo.dashboardpack.com/finance-html/profilebox.html]
[demo.dashboardpack.com/finance-html/img/menu-icon/6.svg]
[demo.dashboardpack.com/finance-html/data_table.html]
[demo.dashboardpack.com/finance-html/bootstrap_table.html]
[demo.dashboardpack.com/finance-html/datepicker.html]
[demo.dashboardpack.com/finance-html/Input_Selects.html]
[demo.dashboardpack.com/finance-html/Input_Mask.html]
[demo.dashboardpack.com/finance-html/img/menu-icon/7.svg]
[demo.dashboardpack.com/finance-html/chartjs.html]
[demo.dashboardpack.com/finance-html/apex_chart.html]
[demo.dashboardpack.com/finance-html/chart_sparkline.html]
[demo.dashboardpack.com/finance-html/img/icon/icon_search.svg]
[demo.dashboardpack.com/finance-html/img/icon/bell.svg]
[demo.dashboardpack.com/finance-html/img/icon/msg.svg]
[demo.dashboardpack.com/finance-html/img/client_img.png]
[demo.dashboardpack.com/finance-html/js/jquery1-3.4.1.min.js]
[demo.dashboardpack.com/finance-html/js/popper1.min.js]
[demo.dashboardpack.com/finance-html/js/bootstrap1.min.js]
[demo.dashboardpack.com/finance-html/js/metisMenu.js]
[demo.dashboardpack.com/finance-html/vendors/count_up/jquery.waypoints.min.js]
[demo.dashboardpack.com/finance-html/vendors/chartlist/Chart.min.js]
[demo.dashboardpack.com/finance-html/vendors/count_up/jquery.counterup.min.js]
[demo.dashboardpack.com/finance-html/vendors/swiper_slider/js/swiper.min.js]
[demo.dashboardpack.com/finance-html/vendors/niceselect/js/jquery.nice-select.min.js]
[demo.dashboardpack.com/finance-html/vendors/owl_carousel/js/owl.carousel.min.js]
[demo.dashboardpack.com/finance-html/vendors/gijgo/gijgo.min.js]
[demo.dashboardpack.com/finance-html/vendors/datatable/js/jquery.dataTables.min.js]
[demo.dashboardpack.com/finance-html/vendors/datatable/js/dataTables.responsive.min.js]
[demo.dashboardpack.com/finance-html/vendors/datatable/js/dataTables.buttons.min.js]
[demo.dashboardpack.com/finance-html/vendors/datatable/js/buttons.flash.min.js]
[demo.dashboardpack.com/finance-html/vendors/datatable/js/jszip.min.js]
[demo.dashboardpack.com/finance-html/vendors/datatable/js/pdfmake.min.js]
[demo.dashboardpack.com/finance-html/vendors/datatable/js/vfs_fonts.js]
[demo.dashboardpack.com/finance-html/vendors/datatable/js/buttons.html5.min.js]
[demo.dashboardpack.com/finance-html/vendors/datatable/js/buttons.print.min.js]
[demo.dashboardpack.com/finance-html/js/chart.min.js]
[demo.dashboardpack.com/finance-html/vendors/progressbar/jquery.barfiller.js]
[demo.dashboardpack.com/finance-html/vendors/tagsinput/tagsinput.js]
[demo.dashboardpack.com/finance-html/vendors/text_editor/summernote-bs4.js]
[demo.dashboardpack.com/finance-html/js/custom.js]
[demo.dashboardpack.com/finance-html/vendors/apex_chart/apexcharts.js]
[demo.dashboardpack.com/finance-html/js/active_chart.js]
[demo.dashboardpack.com/finance-html/vendors/apex_chart/radial_active.js]
[demo.dashboardpack.com/finance-html/vendors/apex_chart/stackbar.js]
[demo.dashboardpack.com/finance-html/vendors/apex_chart/area_chart.js]
[demo.dashboardpack.com/finance-html/vendors/apex_chart/bar_active_1.js]
[demo.dashboardpack.com/finance-html/index.html]
[demo.dashboardpack.com/finance-html/css/bootstrap1.min.css]
[demo.dashboardpack.com/finance-html/vendors/chartjs/chartjs_active.js]
[demo.dashboardpack.com/finance-html/vendors/themefy_icon/fonts/themify9f24.eot]
[demo.dashboardpack.com/finance-html/vendors/themefy_icon/fonts/themifyd41d.eot]
[demo.dashboardpack.com/finance-html/vendors/themefy_icon/fonts/themify9f24.woff]
[demo.dashboardpack.com/finance-html/vendors/themefy_icon/fonts/themify9f24.ttf]
[demo.dashboardpack.com/finance-html/vendors/themefy_icon/themify-icons.css]
[demo.dashboardpack.com/finance-html/vendors/swiper_slider/css/swiper.min.css]
[demo.dashboardpack.com/finance-html/vendors/select2/css/select2.min.css]
[demo.dashboardpack.com/finance-html/vendors/niceselect/css/nice-select.css]
[demo.dashboardpack.com/finance-html/vendors/themefy_icon/fonts/themify9f24.svg]
[demo.dashboardpack.com/finance-html/vendors/owl_carousel/css/owl.video.play.png]
[demo.dashboardpack.com/finance-html/vendors/owl_carousel/css/owl.carousel.css]
[demo.dashboardpack.com/finance-html/vendors/gijgo/gijgo.min.css]
[demo.dashboardpack.com/finance-html/vendors/font_awesome/webfonts/fa-brands-400.eot]
[demo.dashboardpack.com/finance-html/vendors/font_awesome/webfonts/fa-brands-400d41d.eot]
[demo.dashboardpack.com/finance-html/vendors/font_awesome/webfonts/fa-brands-400.woff2]
[demo.dashboardpack.com/finance-html/vendors/font_awesome/webfonts/fa-brands-400.woff]
[demo.dashboardpack.com/finance-html/vendors/font_awesome/webfonts/fa-brands-400.ttf]
[demo.dashboardpack.com/finance-html/vendors/font_awesome/webfonts/fa-brands-400.svg]
[demo.dashboardpack.com/finance-html/vendors/font_awesome/webfonts/fa-regular-400.eot]
[demo.dashboardpack.com/finance-html/vendors/font_awesome/webfonts/fa-regular-400d41d.eot]
[demo.dashboardpack.com/finance-html/vendors/font_awesome/webfonts/fa-regular-400.woff2]
[demo.dashboardpack.com/finance-html/vendors/font_awesome/webfonts/fa-regular-400.woff]
[demo.dashboardpack.com/finance-html/vendors/font_awesome/webfonts/fa-regular-400.ttf]
[demo.dashboardpack.com/finance-html/vendors/font_awesome/webfonts/fa-regular-400.svg]
[demo.dashboardpack.com/finance-html/vendors/font_awesome/webfonts/fa-solid-900.eot]
[demo.dashboardpack.com/finance-html/vendors/font_awesome/webfonts/fa-solid-900d41d.eot]
[demo.dashboardpack.com/finance-html/vendors/font_awesome/webfonts/fa-solid-900.woff2]
[demo.dashboardpack.com/finance-html/vendors/font_awesome/webfonts/fa-solid-900.woff]
[demo.dashboardpack.com/finance-html/vendors/font_awesome/webfonts/fa-solid-900.ttf]
[demo.dashboardpack.com/finance-html/vendors/font_awesome/webfonts/fa-solid-900.svg]
[demo.dashboardpack.com/finance-html/vendors/font_awesome/css/all.min.css]
[demo.dashboardpack.com/finance-html/vendors/tagsinput/tagsinput.css]
[demo.dashboardpack.com/finance-html/vendors/datatable/images/sort_both.png]
[demo.dashboardpack.com/finance-html/vendors/datatable/images/sort_asc.png]
[demo.dashboardpack.com/finance-html/vendors/datatable/images/sort_desc.png]
[demo.dashboardpack.com/finance-html/vendors/datatable/images/sort_asc_disabled.png]
[demo.dashboardpack.com/finance-html/vendors/datatable/images/sort_desc_disabled.png]
[demo.dashboardpack.com/finance-html/vendors/datatable/css/jquery.dataTables.min.css]
[demo.dashboardpack.com/finance-html/vendors/datatable/css/responsive.dataTables.min.css]
[demo.dashboardpack.com/finance-html/vendors/datatable/css/buttons.dataTables.min.css]
[demo.dashboardpack.com/finance-html/vendors/text_editor/fonts/summernote.eot]
[demo.dashboardpack.com/finance-html/vendors/text_editor/fonts/summernote.woff]
[demo.dashboardpack.com/finance-html/vendors/text_editor/fonts/summernote.ttf]
[demo.dashboardpack.com/finance-html/vendors/text_editor/summernote-bs4.css]
[demo.dashboardpack.com/finance-html/vendors/morris/morris.css]
[demo.dashboardpack.com/finance-html/vendors/material_icon/MaterialIcons-Regular.ttf]
[demo.dashboardpack.com/finance-html/vendors/material_icon/material-icons.css]
[demo.dashboardpack.com/finance-html/css/metisMenu.css]
[demo.dashboardpack.com/finance-html/vendors/material_icon/material-icons.woff]
[demo.dashboardpack.com/finance-html/img/diamond.png]
[demo.dashboardpack.com/finance-html/img/progress/progress-bg.png]
[demo.dashboardpack.com/finance-html/img/progress/design-progress-yellow.png]
[demo.dashboardpack.com/finance-html/img/progress/design-progress-red.png]
[demo.dashboardpack.com/finance-html/img/card2.jpg]
[demo.dashboardpack.com/finance-html/css/style1.css]
[demo.dashboardpack.com/finance-html/css/colors/default.css]
[demo.dashboardpack.com/finance-html/img/menu-icon/1.svg]
[demo.dashboardpack.com/finance-html/js/active_chart2.js]
[demo.dashboardpack.com/finance-html/vendors/apex_chart/radial_active_min.js]
[demo.dashboardpack.com/finance-html/vendors/apex_chart/stackbar2.js]
[demo.dashboardpack.com/finance-html/vendors/apex_chart/bar_active_2.js]
[demo.dashboardpack.com/finance-html/index_2.html]
[demo.dashboardpack.com/finance-html/img/menu-icon/2.svg]
[demo.dashboardpack.com/finance-html/login.html]
[demo.dashboardpack.com/finance-html/resister.html]
[demo.dashboardpack.com/finance-html/forgot_pass.html]
[demo.dashboardpack.com/finance-html/img/menu-icon/3.svg]
[demo.dashboardpack.com/finance-html/vendors/chartjs/chartjs_active2.js]
[demo.dashboardpack.com/finance-html/img/messages/1.png]
[demo.dashboardpack.com/finance-html/mail_box.html]
[demo.dashboardpack.com/finance-html/chat.html]
[demo.dashboardpack.com/finance-html/faq.html]
[demo.dashboardpack.com/finance-html/img/menu-icon/4.svg]
[demo.dashboardpack.com/finance-html/buttons.html]
[demo.dashboardpack.com/finance-html/dropdown.html]
[demo.dashboardpack.com/finance-html/Badges.html]
[demo.dashboardpack.com/finance-html/Loading_Indicators.html]
[demo.dashboardpack.com/finance-html/notification.html]
[demo.dashboardpack.com/finance-html/progress.html]
[demo.dashboardpack.com/finance-html/img/banner.png]
[demo.dashboardpack.com/finance-html/carousel.html]
[demo.dashboardpack.com/finance-html/cards.html]
[demo.dashboardpack.com/finance-html/Pagination.html]
[demo.dashboardpack.com/finance-html/img/menu-icon/5.svg]
[demo.dashboardpack.com/finance-html/chart_box_1.html]
[demo.dashboardpack.com/finance-html/img/card.jpg]
[demo.dashboardpack.com/finance-html/profilebox.html]
[demo.dashboardpack.com/finance-html/img/menu-icon/6.svg]
[demo.dashboardpack.com/finance-html/data_table.html]
[demo.dashboardpack.com/finance-html/bootstrap_table.html]
[demo.dashboardpack.com/finance-html/datepicker.html]
[demo.dashboardpack.com/finance-html/Input_Selects.html]
[demo.dashboardpack.com/finance-html/Input_Mask.html]
[demo.dashboardpack.com/finance-html/img/menu-icon/7.svg]
[demo.dashboardpack.com/finance-html/chartjs.html]
[demo.dashboardpack.com/finance-html/vendors/chartjs/chartjs_init.js]
[demo.dashboardpack.com/finance-html/apex_chart.html]
[demo.dashboardpack.com/finance-html/vendors/apex_chart/apexchart_lists.js]
[demo.dashboardpack.com/finance-html/chart_sparkline.html]
[demo.dashboardpack.com/finance-html/img/icon/icon_search.svg]
[demo.dashboardpack.com/finance-html/img/icon/bell.svg]
[demo.dashboardpack.com/finance-html/img/icon/msg.svg]
[demo.dashboardpack.com/finance-html/vendors/themefy_icon/fonts/themify9f24.svg]
[demo.dashboardpack.com/finance-html/vendors/owl_carousel/css/owl.video.play.html]
[demo.dashboardpack.com/finance-html/vendors/font_awesome/webfonts/fa-brands-400.html]
[demo.dashboardpack.com/finance-html/vendors/font_awesome/webfonts/fa-regular-400.html]
[demo.dashboardpack.com/finance-html/vendors/font_awesome/webfonts/fa-solid-900.html]
[demo.dashboardpack.com/finance-html/vendors/datatable/images/sort_both.html]
[demo.dashboardpack.com/finance-html/vendors/datatable/images/sort_asc.html]
[demo.dashboardpack.com/finance-html/vendors/datatable/images/sort_desc.html]
[demo.dashboardpack.com/finance-html/vendors/datatable/images/sort_asc_disabled.html]
[demo.dashboardpack.com/finance-html/vendors/datatable/images/sort_desc_disabled.html]
[demo.dashboardpack.com/finance-html/img/progress/progress-bg.html]
[demo.dashboardpack.com/finance-html/img/progress/design-progress-yellow.html]
[demo.dashboardpack.com/finance-html/img/progress/design-progress-red.html]
[demo.dashboardpack.com/finance-html/vendors/jquery-sparkline/spactkine_init.js]
[demo.dashboardpack.com/finance-html/vendors/jquery-sparkline/jquery.sparkline.min.js]
